[backblue.gif]
[fade.gif]
[index.html]
[plasserre.developpez.com/fond.jpg]
[plasserre.developpez.com/ldf.GIF]
[plasserre.developpez.com/index.gif]
[plasserre.developpez.com/vhome.JPG]
[plasserre.developpez.com/ldf2.jpg]
[plasserre.developpez.com/dico.gif]
[plasserre.developpez.com/ortho.jpg]
[plasserre.developpez.com/bonhom.gif]
[plasserre.developpez.com/vdevelop..GIF]
[plasserre.developpez.com/index.html]
[plasserre.developpez.com/new.gif]
[plasserre.developpez.com/ldf1.gif]
[plasserre.developpez.com/Transm.gif]
[plasserre.developpez.com/faq.gif]
[plasserre.developpez.com/ampoule.gif]
[plasserre.developpez.com/ldf.htm]
[plasserre.developpez.com/medical.dic]
[plasserre.developpez.com/acceuil.gif]
[plasserre.developpez.com/dico.htm]
[plasserre.developpez.com/vfond.jpg]
[plasserre.developpez.com/vhom.JPG]
[plasserre.developpez.com/mail.gif]
[plasserre.developpez.com/vnet.gif]
[plasserre.developpez.com/vnouveau.gif]
[plasserre.developpez.com/vbtrech.GIF]
[plasserre.developpez.com/video2.JPG]
[plasserre.developpez.com/vbintro2.htm]
[plasserre.developpez.com/croix.gif]
[plasserre.developpez.com/QUISUISJE.htm]
[plasserre.developpez.com/index.htm]
[plasserre.developpez.com/Piece.gif]
[plasserre.developpez.com/ldfecranprinc.JPG]
[plasserre.developpez.com/ldfecrandep.JPG]
[plasserre.developpez.com/ldfecrananal.JPG]
[plasserre.developpez.com/groupe.gif]
[plasserre.developpez.com/ldfecran20351.JPG]
[plasserre.developpez.com/description.htm]
[plasserre.developpez.com/LDFinstall.exe]
[plasserre.developpez.com/MAJ17.exe]
[plasserre.developpez.com/installLDF2.exe]
[plasserre.developpez.com/vcharger.JPG]
[plasserre.developpez.com/download.htm]
[plasserre.developpez.com/faq.htm]
[plasserre.developpez.com/whatsnew.htm]
[plasserre.developpez.com/vhome2.JPG]
[plasserre.developpez.com/vbtind.GIF]
[plasserre.developpez.com/noel.bmp]
[plasserre.developpez.com/v2005beta2.JPG]
[plasserre.developpez.com/vpagvb.JPG]
[plasserre.developpez.com/vclasse.GIF]
[plasserre.developpez.com/voutils.JPG]
[plasserre.developpez.com/vfonction.JPG]
[plasserre.developpez.com/vwindow.JPG]
[plasserre.developpez.com/vibug.GIF]
[plasserre.developpez.com/vbasedonn.JPG]
[plasserre.developpez.com/vchrono.JPG]
[plasserre.developpez.com/vcreuson.gif]
[plasserre.developpez.com/vsommair.htm]
[plasserre.developpez.com/vhom.gif]
[plasserre.developpez.com/vvb.gif]
[plasserre.developpez.com/moteur-recherche.html]
[plasserre.developpez.com/vbtsomm.gif]
[plasserre.developpez.com/video1.JPG]
[plasserre.developpez.com/vadress.htm]
[plasserre.developpez.com/vindex.htm]
[plasserre.developpez.com/vbintro.htm]
[plasserre.developpez.com/vbtret.GIF]
[plasserre.developpez.com/vbtsuiv.GIF]
[plasserre.developpez.com/vwindo.gif]
[plasserre.developpez.com/vvb.JPG]
[plasserre.developpez.com/vvb20081.JPG]
[plasserre.developpez.com/vsharpdev.JPG]
[plasserre.developpez.com/v0-0.htm]
[plasserre.developpez.com/vcar1.gif]
[plasserre.developpez.com/vgateau.JPG]
[plasserre.developpez.com/vcar3.GIF]
[plasserre.developpez.com/vcar2.GIF]
[plasserre.developpez.com/vmsgbox.gif]
[plasserre.developpez.com/vBoutonR.gif]
[plasserre.developpez.com/vicochev.GIF]
[plasserre.developpez.com/vicocheb.gif]
[plasserre.developpez.com/v0-1.htm]
[plasserre.developpez.com/v1bonjour.avi]
[plasserre.developpez.com/vc1-2_1.gif]
[plasserre.developpez.com/vc1-2_2.gif]
[plasserre.developpez.com/vboitout.gif]
[plasserre.developpez.com/vc1-2_3.gif]
[plasserre.developpez.com/vBtrun.gif]
[plasserre.developpez.com/v1-1.htm]
[plasserre.developpez.com/v1-2.htm]
[plasserre.developpez.com/vmodule1.JPG]
[plasserre.developpez.com/v1-2-2.htm]
[plasserre.developpez.com/v1-2-3.htm]
[plasserre.developpez.com/vdemarre.JPG]
[plasserre.developpez.com/vProprie.gif]
[plasserre.developpez.com/vsolut.gif]
[plasserre.developpez.com/vbtrun-2.gif]
[plasserre.developpez.com/vproprit.gif]
[plasserre.developpez.com/vaide2.GIF]
[plasserre.developpez.com/vsurchar.gif]
[plasserre.developpez.com/vaide3.gif]
[plasserre.developpez.com/vaide1.GIF]
[plasserre.developpez.com/vdebog.gif]
[plasserre.developpez.com/v1-d.htm]
[plasserre.developpez.com/v2005p1.JPG]
[plasserre.developpez.com/v2005p2.JPG]
[plasserre.developpez.com/v2005p11.JPG]
[plasserre.developpez.com/v2005p3.JPG]
[plasserre.developpez.com/v2005p4.JPG]
[plasserre.developpez.com/v2005p5.JPG]
[plasserre.developpez.com/v2005p6.JPG]
[plasserre.developpez.com/vsplitc2.JPG]
[plasserre.developpez.com/vtaille.JPG]
[plasserre.developpez.com/vprojet2005.JPG]
[plasserre.developpez.com/v2005p8.JPG]
[plasserre.developpez.com/v2005p9.JPG]
[plasserre.developpez.com/v2005p12.JPG]
[plasserre.developpez.com/v2005p13.JPG]
[plasserre.developpez.com/v2005p14.JPG]
[plasserre.developpez.com/v2005p15.JPG]
[plasserre.developpez.com/v2005p17.JPG]
[plasserre.developpez.com/v2005p10.JPG]
[plasserre.developpez.com/v2005p16.JPG]
[plasserre.developpez.com/v1d2.htm]
[plasserre.developpez.com/vressourc.JPG]
[plasserre.developpez.com/vparam.JPG]
[plasserre.developpez.com/vcomxml.JPG]
[plasserre.developpez.com/vgridview.JPG]
[plasserre.developpez.com/vmasktb2.JPG]
[plasserre.developpez.com/vmrextb.JPG]
[plasserre.developpez.com/vsplitc.JPG]
[plasserre.developpez.com/vflowlyp.JPG]
[plasserre.developpez.com/vtablelyp.JPG]
[plasserre.developpez.com/vmenu2005.JPG]
[plasserre.developpez.com/vmenustrip.JPG]
[plasserre.developpez.com/vprogresbar.JPG]
[plasserre.developpez.com/v7-2.htm]
[plasserre.developpez.com/vb2008.JPG]
[plasserre.developpez.com/vb2008demar.JPG]
[plasserre.developpez.com/vb2008open.JPG]
[plasserre.developpez.com/vb2008ajout.JPG]
[plasserre.developpez.com/vb2008form.JPG]
[plasserre.developpez.com/vb2008multidoc.JPG]
[plasserre.developpez.com/vb2008outils.JPG]
[plasserre.developpez.com/vb2008aide.JPG]
[plasserre.developpez.com/vb2008aide2.JPG]
[plasserre.developpez.com/vb2008clik.JPG]
[plasserre.developpez.com/vb2008affich.JPG]
[plasserre.developpez.com/vb2008prp1.JPG]
[plasserre.developpez.com/vb2008prp2.JPG]
[plasserre.developpez.com/vb2008wpf.JPG]
[plasserre.developpez.com/vb2008proc.JPG]
[plasserre.developpez.com/vb2008wpf1.JPG]
[plasserre.developpez.com/v1d3.htm]
[plasserre.developpez.com/vframw35.JPG]
[plasserre.developpez.com/vframw35tt.JPG]
[plasserre.developpez.com/vb2008fram.JPG]
[plasserre.developpez.com/v7-2.2.htm]
[plasserre.developpez.com/vframw2.JPG]
[plasserre.developpez.com/vsharp12.JPG]
[plasserre.developpez.com/vsharp7.JPG]
[plasserre.developpez.com/vSharp0.JPG]
[plasserre.developpez.com/vsharp13.JPG]
[plasserre.developpez.com/vSharp1.JPG]
[plasserre.developpez.com/vsharp3.JPG]
[plasserre.developpez.com/vsharp4.JPG]
[plasserre.developpez.com/vSharp2.JPG]
[plasserre.developpez.com/vsharp8.JPG]
[plasserre.developpez.com/vsharp5.JPG]
[plasserre.developpez.com/vsharp14.JPG]
[plasserre.developpez.com/vsharp9.JPG]
[plasserre.developpez.com/vsharp18.JPG]
[plasserre.developpez.com/vsharp21.JPG]
[plasserre.developpez.com/vsharp15.JPG]
[plasserre.developpez.com/vsharp17.JPG]
[plasserre.developpez.com/vsharp16.JPG]
[plasserre.developpez.com/vsharp19.JPG]
[plasserre.developpez.com/vsharp20.JPG]
[plasserre.developpez.com/v1-dbis.htm]
[plasserre.developpez.com/vinputbox.jpg]
[plasserre.developpez.com/vtextbox.gif]
[plasserre.developpez.com/vconsol1.gif]
[plasserre.developpez.com/v1-3.htm]
[plasserre.developpez.com/vorganig1.GIF]
[plasserre.developpez.com/vorganig2.GIF]
[plasserre.developpez.com/vorganig3.GIF]
[plasserre.developpez.com/vaffect.gif]
[plasserre.developpez.com/vorganig4.GIF]
[plasserre.developpez.com/vprocedure.JPG]
[plasserre.developpez.com/vStack.gif]
[plasserre.developpez.com/vQueue.gif]
[plasserre.developpez.com/vlistech.JPG]
[plasserre.developpez.com/vhashtab.gif]
[plasserre.developpez.com/vhash2.JPG]
[plasserre.developpez.com/vhash1.JPG]
[plasserre.developpez.com/vhash3.JPG]
[plasserre.developpez.com/vhash4.JPG]
[plasserre.developpez.com/v1-4.htm]
[plasserre.developpez.com/v1-5.htm]
[plasserre.developpez.com/vstring.gif]
[plasserre.developpez.com/vicoexcl.gif]
[plasserre.developpez.com/v2005.JPG]
[plasserre.developpez.com/v1-6.htm]
[plasserre.developpez.com/vstring2.JPG]
[plasserre.developpez.com/vunicode.GIF]
[plasserre.developpez.com/v1-6string.htm]
[plasserre.developpez.com/an3.GIF]
[plasserre.developpez.com/v1-6-num.htm]
[plasserre.developpez.com/v1-6conv.htm]
[plasserre.developpez.com/vtablo.jpg]
[plasserre.developpez.com/vtab3.GIF]
[plasserre.developpez.com/v1-6tab.htm]
[plasserre.developpez.com/vcollect.JPG]
[plasserre.developpez.com/v1-6col.htm]
[plasserre.developpez.com/v1-6struct.htm]
[plasserre.developpez.com/v1-6val.htm]
[plasserre.developpez.com/v1-6objet.htm]
[plasserre.developpez.com/vboole.jpg]
[plasserre.developpez.com/v1-6bol.htm]
[plasserre.developpez.com/vbalanc.GIF]
[plasserre.developpez.com/vOption.JPG]
[plasserre.developpez.com/vdeclar.gif]
[plasserre.developpez.com/v1-7.htm]
[plasserre.developpez.com/v1-8.htm]
[plasserre.developpez.com/v1-10.htm]
[plasserre.developpez.com/v1-11.htm]
[plasserre.developpez.com/v1-12.htm]
[plasserre.developpez.com/vportee.GIF]
[plasserre.developpez.com/vdim.gif]
[plasserre.developpez.com/v1-13.htm]
[plasserre.developpez.com/v1-14.htm]
[plasserre.developpez.com/vrecur.GIF]
[plasserre.developpez.com/vfractal1.JPG]
[plasserre.developpez.com/vfractal2.JPG]
[plasserre.developpez.com/vfractal3.JPG]
[plasserre.developpez.com/vfractal.JPG]
[plasserre.developpez.com/v1-15.htm]
[plasserre.developpez.com/vkangou.JPG]
[plasserre.developpez.com/vshaghet.JPG]
[plasserre.developpez.com/v1-16.htm]
[plasserre.developpez.com/vbinair.GIF]
[plasserre.developpez.com/vcalcu.JPG]
[plasserre.developpez.com/vhexaview.JPG]
[plasserre.developpez.com/vedithexa.jpg]
[plasserre.developpez.com/v1-17.htm]
[plasserre.developpez.com/vlinq1.JPG]
[plasserre.developpez.com/v1-18.htm]
[plasserre.developpez.com/v1-19.1.htm]
[plasserre.developpez.com/v1-19.2.htm]
[plasserre.developpez.com/v1-19.3.htm]
[plasserre.developpez.com/v1-19.4.htm]
[plasserre.developpez.com/v1-19.5.htm]
[plasserre.developpez.com/v1-19.6.htm]
[plasserre.developpez.com/v1-19.7.htm]
[plasserre.developpez.com/v1-19.8.htm]
[plasserre.developpez.com/v1-19.9.htm]
[plasserre.developpez.com/v1-19.10.htm]
[plasserre.developpez.com/vglyphe.jpg]
[plasserre.developpez.com/vfontprop.JPG]
[plasserre.developpez.com/v2-10.htm]
[plasserre.developpez.com/v2-20.htm]
[plasserre.developpez.com/vallcolor.JPG]
[plasserre.developpez.com/vcolor3.gif]
[plasserre.developpez.com/vcouleurhex.JPG]
[plasserre.developpez.com/v2-30.htm]
[plasserre.developpez.com/vrtf.gif]
[plasserre.developpez.com/v2-40.htm]
[plasserre.developpez.com/v2-50.htm]
[plasserre.developpez.com/v2-60.htm]
[plasserre.developpez.com/v2-70.htm]
[plasserre.developpez.com/ve1-1.htm]
[plasserre.developpez.com/ve1-2.htm]
[plasserre.developpez.com/ve1-3.htm]
[plasserre.developpez.com/ve1-4.htm]
[plasserre.developpez.com/vref2003.JPG]
[plasserre.developpez.com/vref2005.JPG]
[plasserre.developpez.com/vref2005-2.JPG]
[plasserre.developpez.com/v1-20.htm]
[plasserre.developpez.com/vclasfram.jpg]
[plasserre.developpez.com/v1-21.htm]
[plasserre.developpez.com/v1-22.htm]
[plasserre.developpez.com/v1-30.htm]
[plasserre.developpez.com/v1-31.htm]
[plasserre.developpez.com/vconsol2.gif]
[plasserre.developpez.com/v3-0.htm]
[plasserre.developpez.com/vbuttons.JPG]
[plasserre.developpez.com/vlocked.JPG]
[plasserre.developpez.com/v3-1.htm]
[plasserre.developpez.com/vfenetre.JPG]
[plasserre.developpez.com/vpropris.JPG]
[plasserre.developpez.com/vbarreicon.JPG]
[plasserre.developpez.com/vcursor.JPG]
[plasserre.developpez.com/vbar0.JPG]
[plasserre.developpez.com/vbar1.JPG]
[plasserre.developpez.com/vbar2.JPG]
[plasserre.developpez.com/vbar3.JPG]
[plasserre.developpez.com/vbar4.JPG]
[plasserre.developpez.com/vborder.JPG]
[plasserre.developpez.com/vcoorform.GIF]
[plasserre.developpez.com/vcode2005.JPG]
[plasserre.developpez.com/v3-2.htm]
[plasserre.developpez.com/vButons.gif]
[plasserre.developpez.com/vbuttons2.JPG]
[plasserre.developpez.com/vbuton.JPG]
[plasserre.developpez.com/vbtok2008.JPG]
[plasserre.developpez.com/viconote.gif]
[plasserre.developpez.com/vbeaubuton.JPG]
[plasserre.developpez.com/vbeaubuton1.JPG]
[plasserre.developpez.com/v5-3.h3.GIF]
[plasserre.developpez.com/v3-3.htm]
[plasserre.developpez.com/vtextbox2008.JPG]
[plasserre.developpez.com/vtextb2005.JPG]
[plasserre.developpez.com/v3-4.htm]
[plasserre.developpez.com/vlabel.JPG]
[plasserre.developpez.com/vlinklab.gif]
[plasserre.developpez.com/v3-5.htm]
[plasserre.developpez.com/vcoche.gif]
[plasserre.developpez.com/vgroupb2.GIF]
[plasserre.developpez.com/vcoche2.gif]
[plasserre.developpez.com/v3-6.htm]
[plasserre.developpez.com/vlistbox.gif]
[plasserre.developpez.com/vclistbo.GIF]
[plasserre.developpez.com/vcombos.gif]
[plasserre.developpez.com/vlistview.jpg]
[plasserre.developpez.com/vlistview2.JPG]
[plasserre.developpez.com/vdomainupdw.JPG]
[plasserre.developpez.com/vtreenod.JPG]
[plasserre.developpez.com/v3-7.htm]
[plasserre.developpez.com/vmessagb.GIF]
[plasserre.developpez.com/vmessagb2.GIF]
[plasserre.developpez.com/vmsgbox2.JPG]
[plasserre.developpez.com/vopenfil.JPG]
[plasserre.developpez.com/v3-8.htm]
[plasserre.developpez.com/vgroupb.gif]
[plasserre.developpez.com/vtab.gif]
[plasserre.developpez.com/v3-9.htm]
[plasserre.developpez.com/vcoor.GIF]
[plasserre.developpez.com/vstartpos.JPG]
[plasserre.developpez.com/vmdi2005.JPG]
[plasserre.developpez.com/vAnchor1.jpg]
[plasserre.developpez.com/vAnchor2.jpg]
[plasserre.developpez.com/vdock.JPG]
[plasserre.developpez.com/v3-10.htm]
[plasserre.developpez.com/vmenu.JPG]
[plasserre.developpez.com/vmenu1.gif]
[plasserre.developpez.com/v3-11.htm]
[plasserre.developpez.com/vtab2005.JPG]
[plasserre.developpez.com/v3-12.htm]
[plasserre.developpez.com/vtoolbar.gif]
[plasserre.developpez.com/vtoolb2.gif]
[plasserre.developpez.com/vstatusb.gif]
[plasserre.developpez.com/vtoolstrip.JPG]
[plasserre.developpez.com/vtoolstrip2.JPG]
[plasserre.developpez.com/v3-13.htm]
[plasserre.developpez.com/vimglt1.gif]
[plasserre.developpez.com/vimgl2.gif]
[plasserre.developpez.com/v3-14.htm]
[plasserre.developpez.com/vcolor1.GIF]
[plasserre.developpez.com/vcolor2.JPG]
[plasserre.developpez.com/vdialogfont.JPG]
[plasserre.developpez.com/v3-15.htm]
[plasserre.developpez.com/vlamegrid.gif]
[plasserre.developpez.com/vSourceGrid.jpg]
[plasserre.developpez.com/vctrl2.GIF]
[plasserre.developpez.com/vctrl3.GIF]
[plasserre.developpez.com/vgridview2.JPG]
[plasserre.developpez.com/v3-16.htm]
[plasserre.developpez.com/v3-17.htm]
[plasserre.developpez.com/v3-20.htm]
[plasserre.developpez.com/vb2008openwpf.JPG]
[plasserre.developpez.com/vb2008wpfbt.JPG]
[plasserre.developpez.com/v3-21.htm]
[plasserre.developpez.com/vblendicon.JPG]
[plasserre.developpez.com/vblendouvr.JPG]
[plasserre.developpez.com/vblendecran.JPG]
[plasserre.developpez.com/vblendoutils3.JPG]
[plasserre.developpez.com/vblendtovb0.JPG]
[plasserre.developpez.com/vblendprop.JPG]
[plasserre.developpez.com/vblendprop2.JPG]
[plasserre.developpez.com/vblendtovb1.JPG]
[plasserre.developpez.com/vblendtovb.JPG]
[plasserre.developpez.com/v3-22.htm]
[plasserre.developpez.com/vwpf2.JPG]
[plasserre.developpez.com/v3-23.htm]
[plasserre.developpez.com/vwpfsolution.JPG]
[plasserre.developpez.com/vwpffen.JPG]
[plasserre.developpez.com/v3-23.0.htm]
[plasserre.developpez.com/vwpfmargin.JPG]
[plasserre.developpez.com/vwpfmargin2.JPG]
[plasserre.developpez.com/vwpfposctrl.JPG]
[plasserre.developpez.com/vwpfgrid1.JPG]
[plasserre.developpez.com/vwpfgrid.JPG]
[plasserre.developpez.com/vwpfstackpanel.JPG]
[plasserre.developpez.com/vwpflayout.JPG]
[plasserre.developpez.com/vwpflayout1.JPG]
[plasserre.developpez.com/vwpflayout2.JPG]
[plasserre.developpez.com/vwpfdockpanel.JPG]
[www.developpez.com/template/logo.gif]
[plasserre.developpez.com/v3-23.1.htm]
[plasserre.developpez.com/vwpfbeaubr.JPG]
[plasserre.developpez.com/vwpfpropbut.JPG]
[plasserre.developpez.com/vwpfgd.JPG]
[plasserre.developpez.com/vwpflineagr.JPG]
[plasserre.developpez.com/vwpfbt.JPG]
[plasserre.developpez.com/vwpfcercle.JPG]
[plasserre.developpez.com/vwpfvisual3.JPG]
[plasserre.developpez.com/vwpfvisual1.JPG]
[plasserre.developpez.com/vwpfvisual2.JPG]
[plasserre.developpez.com/vwpfvisualgd.JPG]
[plasserre.developpez.com/v3-23.2.htm]
[plasserre.developpez.com/vb2008wpfbt2.JPG]
[plasserre.developpez.com/vwpfbtimage.JPG]
[plasserre.developpez.com/v3-23.11.htm]
[plasserre.developpez.com/vwpftextblock.JPG]
[plasserre.developpez.com/vwpftextbox.JPG]
[plasserre.developpez.com/vwpfsplechtx.JPG]
[plasserre.developpez.com/vwpfrichtextbox2.JPG]
[plasserre.developpez.com/v3-23.12.htm]
[plasserre.developpez.com/xwpfckbox.JPG]
[plasserre.developpez.com/v3-23.13.htm]
[plasserre.developpez.com/vwpflistbox1.JPG]
[plasserre.developpez.com/v3-23.14.htm]
[plasserre.developpez.com/ve3-1.htm]
[plasserre.developpez.com/ve3-2.htm]
[plasserre.developpez.com/vmod1.gif]
[plasserre.developpez.com/vmod2.GIF]
[plasserre.developpez.com/v3-29.htm]
[plasserre.developpez.com/vimc1.GIF]
[plasserre.developpez.com/v3-30.htm]
[plasserre.developpez.com/v3-31.htm]
[plasserre.developpez.com/vsplatchs.JPG]
[plasserre.developpez.com/vsplach2005.JPG]
[plasserre.developpez.com/v4-1.htm]
[plasserre.developpez.com/vform12.JPG]
[plasserre.developpez.com/vfrm1frm2.JPG]
[plasserre.developpez.com/v4-2.htm]
[plasserre.developpez.com/v4-2-2.htm]
[plasserre.developpez.com/vlisterror.JPG]
[plasserre.developpez.com/verrorcomp.JPG]
[plasserre.developpez.com/vexeption.JPG]
[plasserre.developpez.com/v4-3.htm]
[plasserre.developpez.com/vmdi.jpg]
[plasserre.developpez.com/vmdi20052.JPG]
[plasserre.developpez.com/v4-4.htm]
[plasserre.developpez.com/vdatepic2.GIF]
[plasserre.developpez.com/vdatepic.gif]
[plasserre.developpez.com/v4-5.htm]
[plasserre.developpez.com/vrepert.JPG]
[plasserre.developpez.com/vfichier.gif]
[plasserre.developpez.com/vopenfil2.JPG]
[plasserre.developpez.com/v4-6.htm]
[plasserre.developpez.com/vchoixfolder.JPG]
[plasserre.developpez.com/v4-7.htm]
[plasserre.developpez.com/vdrapeaux.JPG]
[plasserre.developpez.com/v4-8.htm]
[plasserre.developpez.com/vsouris.gif]
[plasserre.developpez.com/v4-9.htm]
[plasserre.developpez.com/v4-10.htm]
[plasserre.developpez.com/vimprim.JPG]
[plasserre.developpez.com/vprint1.GIF]
[plasserre.developpez.com/v4-11.htm]
[plasserre.developpez.com/v4-12.htm]
[plasserre.developpez.com/vaidebras.JPG]
[plasserre.developpez.com/vhelp1.GIF]
[plasserre.developpez.com/vhelp2.GIF]
[plasserre.developpez.com/verrorprov.JPG]
[plasserre.developpez.com/v4-13.htm]
[plasserre.developpez.com/v4-14.htm]
[plasserre.developpez.com/v4-15.htm]
[plasserre.developpez.com/vregistre.JPG]
[plasserre.developpez.com/v4-16.htm]
[plasserre.developpez.com/v4-17.htm]
[plasserre.developpez.com/vsetting2005.JPG]
[plasserre.developpez.com/vsetting2005-3.JPG]
[plasserre.developpez.com/vsetting2005-4.JPG]
[plasserre.developpez.com/vsetting2005-2.JPG]
[plasserre.developpez.com/v4-18.htm]
[plasserre.developpez.com/vressourc1.JPG]
[plasserre.developpez.com/vressourc2.JPG]
[plasserre.developpez.com/v4-19.htm]
[plasserre.developpez.com/vrep3.jpg]
[plasserre.developpez.com/vrep1.JPG]
[plasserre.developpez.com/vrep2.JPG]
[plasserre.developpez.com/vvista2.jpg]
[plasserre.developpez.com/v4-20.htm]
[plasserre.developpez.com/vtaskbar.JPG]
[plasserre.developpez.com/vnotificon2.JPG]
[plasserre.developpez.com/vnoticon1.JPG]
[plasserre.developpez.com/vnotificon3.JPG]
[plasserre.developpez.com/v4-21.htm]
[plasserre.developpez.com/vbibclas.GIF]
[plasserre.developpez.com/v5-3.h2.gif]
[plasserre.developpez.com/v5-3.h1.gif]
[plasserre.developpez.com/v5-3.htm]
[plasserre.developpez.com/v8-3.htm]
[plasserre.developpez.com/vdessin.JPG]
[plasserre.developpez.com/ve4-3.htm]
[plasserre.developpez.com/vespexp.JPG]
[plasserre.developpez.com/vdebogi.JPG]
[plasserre.developpez.com/vdebogv.JPG]
[plasserre.developpez.com/v4-200.htm]
[plasserre.developpez.com/v4-210.htm]
[plasserre.developpez.com/vframw.JPG]
[plasserre.developpez.com/dotnet_poster_fr_large.pdf]
[plasserre.developpez.com/vilisam.JPG]
[plasserre.developpez.com/vil.JPG]
[plasserre.developpez.com/vdump.JPG]
[plasserre.developpez.com/vd1-1.htm]
[plasserre.developpez.com/vassembl.JPG]
[plasserre.developpez.com/vd1-1-2.htm]
[plasserre.developpez.com/vgenere1.gif]
[plasserre.developpez.com/vgenere2.gif]
[plasserre.developpez.com/vgenere3.gif]
[plasserre.developpez.com/vdeploy1.JPG]
[plasserre.developpez.com/vdeploy2.JPG]
[plasserre.developpez.com/vdeploy3.JPG]
[plasserre.developpez.com/vdeploy4.JPG]
[plasserre.developpez.com/vdeploy5.JPG]
[plasserre.developpez.com/vdeploy6.JPG]
[plasserre.developpez.com/vdeploy8.JPG]
[plasserre.developpez.com/vdeploy9.JPG]
[plasserre.developpez.com/vdeploy10.JPG]
[plasserre.developpez.com/vdeploy11.JPG]
[plasserre.developpez.com/vinst1.JPG]
[plasserre.developpez.com/vinst2.JPG]
[plasserre.developpez.com/vd1-2.htm]
[plasserre.developpez.com/ve4-1.htm]
[plasserre.developpez.com/ve4-2.htm]
[plasserre.developpez.com/vboit2.JPG]
[plasserre.developpez.com/v5-1.htm]
[plasserre.developpez.com/vboit.JPG]
[plasserre.developpez.com/vcreerclas.JPG]
[plasserre.developpez.com/v5-2.htm]
[plasserre.developpez.com/v5-2.2.htm]
[plasserre.developpez.com/v5-4.htm]
[plasserre.developpez.com/v5-5.htm]
[plasserre.developpez.com/v5-6.htm]
[plasserre.developpez.com/v5-7.htm]
[plasserre.developpez.com/v5-8.htm]
[plasserre.developpez.com/v5-9.htm]
[plasserre.developpez.com/v2tiers.JPG]
[plasserre.developpez.com/v3tiers.JPG]
[plasserre.developpez.com/vtroistier.JPG]
[plasserre.developpez.com/vlivres.JPG]
[plasserre.developpez.com/vbd3.JPG]
[plasserre.developpez.com/vbd1.JPG]
[plasserre.developpez.com/vbd2.JPG]
[plasserre.developpez.com/vbd4.JPG]
[plasserre.developpez.com/v5-10.htm]
[plasserre.developpez.com/v5-11.htm]
[plasserre.developpez.com/vbonjour.JPG]
[plasserre.developpez.com/v5-90.htm]
[plasserre.developpez.com/v5-100.htm]
[plasserre.developpez.com/v5-110.htm]
[plasserre.developpez.com/v5-120.htm]
[plasserre.developpez.com/v5-130.htm]
[plasserre.developpez.com/v5-200.htm]
[plasserre.developpez.com/v5-210.htm]
[plasserre.developpez.com/v6-1.htm]
[plasserre.developpez.com/vado.gif]
[plasserre.developpez.com/vdataset.gif]
[plasserre.developpez.com/v6-2.htm]
[plasserre.developpez.com/v6-3.htm]
[plasserre.developpez.com/vado1.GIF]
[plasserre.developpez.com/v6-4.htm]
[plasserre.developpez.com/vado2.GIF]
[plasserre.developpez.com/vado4.GIF]
[plasserre.developpez.com/vdatatable.GIF]
[plasserre.developpez.com/vdataset2.GIF]
[plasserre.developpez.com/vdataset1.GIF]
[plasserre.developpez.com/vdatasetex.JPG]
[plasserre.developpez.com/v6-5.htm]
[plasserre.developpez.com/vctrl1.GIF]
[plasserre.developpez.com/vgridformauto.JPG]
[plasserre.developpez.com/vbind1.JPG]
[plasserre.developpez.com/vbind2.JPG]
[plasserre.developpez.com/vbind3.JPG]
[plasserre.developpez.com/vbind4.JPG]
[plasserre.developpez.com/vbind5.JPG]
[plasserre.developpez.com/vsourcedon.bmp]
[plasserre.developpez.com/vbind8.JPG]
[plasserre.developpez.com/vbind6.JPG]
[plasserre.developpez.com/vbind7.JPG]
[plasserre.developpez.com/v6-6.htm]
[plasserre.developpez.com/v6-7.htm]
[plasserre.developpez.com/v6-8.htm]
[plasserre.developpez.com/v7-1.htm]
[plasserre.developpez.com/v2005vs2008.png]
[plasserre.developpez.com/v7-3.htm]
[plasserre.developpez.com/v7-4.htm]
[plasserre.developpez.com/v7-5.htm]
[plasserre.developpez.com/v8-2.htm]
[plasserre.developpez.com/v8-4.htm]
[plasserre.developpez.com/vthread1.JPG]
[plasserre.developpez.com/vthread2.JPG]
[plasserre.developpez.com/v8-5.htm]
[plasserre.developpez.com/v8-6.htm]
[plasserre.developpez.com/v8-20.htm]
[plasserre.developpez.com/v8-1.htm]
[plasserre.developpez.com/v1bonjour.swf]
[plasserre.developpez.com/v1bonjour.swf.html]
[plasserre.developpez.com/ms-help__/MS.VSExpressCC.v80/MS.NETFramework.v20.fr/cpref/html/P_System_Windows_Forms_MaskedTextBox_FormatProvider.htm]
[plasserre.developpez.com/ms-help__/MS.VSExpressCC.v80/MS.NETFramework.v20.fr/cpref/html/T_System_Boolean.htm]
[plasserre.developpez.com/Documents and Settings/Philippe/Mes documents/Mes sites Web/vfond.html]
[plasserre.developpez.com/ms-help__/MS.VSCC.2003/MS.MSDNQTR.2003FEB.1036/cpref/html/frlrfsystemcollectionssortedlistclassgetbyindextopic.htm]
[plasserre.developpez.com/ms-help__/MS.VSCC.2003/MS.MSDNQTR.2003FEB.1036/cpref/html/frlrfsystemcollectionssortedlistclasssetbyindextopic.htm]
[plasserre.developpez.com/vexercice.JPG]
[plasserre.developpez.com/v1-19.htm]
[plasserre.developpez.com/v5-20.htm]
[plasserre.developpez.com/ms-help__/MS.VSCC.2003/MS.MSDNQTR.2003FEB.1036/vbcon/html/vborihelpproviderctltasks.htm]
[plasserre.developpez.com/ms-help__/MS.VSCC.2003/MS.MSDNQTR.2003FEB.1036/vbcon/html/vboritooltipctltasks.htm]
[plasserre.developpez.com/ms-help__/MS.VSCC.2003/MS.MSDNQTR.2003FEB.1036/vbcon/html/vboributtonctltasks.htm]
[plasserre.developpez.com/vdeploy7.JPG]
